============================= test session starts =============================
platform win32 -- Python 3.11.9, pytest-9.0.2, pluggy-1.6.0 -- C:\Users\bahat\AppData\Local\Programs\Python\Python311\python.exe
cachedir: .pytest_cache
rootdir: G:\Di­er bilgisayarlar\Diz³st³ Bilgisayar²m\github repolar²m\teknofest_hareketli_uydu_terminali
configfile: pyproject.toml
plugins: anyio-4.12.1, langsmith-0.6.8
collecting ... collected 3 items

tests/test_sensor_fusion.py::test_kalman_initialization PASSED           [ 33%]
tests/test_sensor_fusion.py::test_kalman_update PASSED                   [ 66%]
tests/test_sensor_fusion.py::test_kalman_noise_reduction PASSED          [100%]

============================== 3 passed in 0.20s ==============================
